     1                                  ; ============================================================================
     2                                  ; FastOS Stage 2 — Real Mode → Protected Mode → Long Mode
     3                                  ; ============================================================================
     4                                  ; Loaded at 0x7E00 by Stage 1.
     5                                  ; Full transition: 16-bit → 32-bit → 64-bit → Rust kernel.
     6                                  ; Target: AMD Ryzen 5 5600X (Zen 3, Vermeer)
     7                                  ; Board:  MSI MAG B550 TOMAHAWK (MS-7C52) — UEFI CSM quirks handled.
     8                                  ; ============================================================================
     9                                  
    10                                  [BITS 16]
    11                                  [ORG 0x7E00]
    12                                  
    13                                  ; ── Entry vector ─────────────────────────────────────────────────────────
    14                                  ; BYTE 0 of stage2.bin — Stage1 jumps here (0x7E00).
    15                                  ; Must be the absolute first instruction. Everything else comes after.
    16 00000000 E9A905                  jmp stage2_start
    17                                  
    18                                  ; ── Includes (data tables + subroutines, NOT entry points) ──────────────
    19                                  %include "gdt.asm"
     1                              <1> ; ============================================================================
     2                              <1> ; FastOS GDT — Global Descriptor Table (32-bit + 64-bit)
     3                              <1> ; ============================================================================
     4                              <1> 
     5                              <1> [BITS 16]
     6                              <1> 
     7                              <1> ; ── 32-bit GDT (protected mode transition) ──────────────────────────────────
     8                              <1> 
     9                              <1> gdt32_start:
    10 00000003 0000000000000000    <1>     dq 0x0000000000000000           ; Null descriptor
    11                              <1> 
    12                              <1> gdt32_code:
    13 0000000B FFFF                <1>     dw 0xFFFF                       ; Limit low
    14 0000000D 0000                <1>     dw 0x0000                       ; Base low
    15 0000000F 00                  <1>     db 0x00                         ; Base mid
    16 00000010 9A                  <1>     db 10011010b                    ; Access: P=1, Ring0, Code, Exec/Read
    17 00000011 CF                  <1>     db 11001111b                    ; Flags: 4KB gran, 32-bit + Limit high
    18 00000012 00                  <1>     db 0x00                         ; Base high
    19                              <1> 
    20                              <1> gdt32_data:
    21 00000013 FFFF                <1>     dw 0xFFFF
    22 00000015 0000                <1>     dw 0x0000
    23 00000017 00                  <1>     db 0x00
    24 00000018 92                  <1>     db 10010010b                    ; Access: P=1, Ring0, Data, R/W
    25 00000019 CF                  <1>     db 11001111b
    26 0000001A 00                  <1>     db 0x00
    27                              <1> 
    28                              <1> gdt32_end:
    29                              <1> 
    30                              <1> gdt32_descriptor:
    31 0000001B 1700                <1>     dw gdt32_end - gdt32_start - 1
    32 0000001D [03000000]          <1>     dd gdt32_start
    33                              <1> 
    34                              <1> GDT32_CODE_SEG equ gdt32_code - gdt32_start   ; 0x08
    35                              <1> GDT32_DATA_SEG equ gdt32_data - gdt32_start   ; 0x10
    36                              <1> 
    37                              <1> ; ── 64-bit GDT (long mode) ──────────────────────────────────────────────────
    38                              <1> 
    39                              <1> gdt64_start:
    40 00000021 0000000000000000    <1>     dq 0x0000000000000000           ; Null descriptor
    41                              <1> 
    42                              <1> gdt64_code:
    43 00000029 0000                <1>     dw 0x0000                       ; Limit (ignored in long mode)
    44 0000002B 0000                <1>     dw 0x0000                       ; Base low
    45 0000002D 00                  <1>     db 0x00                         ; Base mid
    46 0000002E 9A                  <1>     db 10011010b                    ; Access: P=1, Ring0, Code, Exec/Read
    47 0000002F 20                  <1>     db 00100000b                    ; Flags: Long mode (bit 5)
    48 00000030 00                  <1>     db 0x00                         ; Base high
    49                              <1> 
    50                              <1> gdt64_data:
    51 00000031 0000                <1>     dw 0x0000
    52 00000033 0000                <1>     dw 0x0000
    53 00000035 00                  <1>     db 0x00
    54 00000036 92                  <1>     db 10010010b                    ; Access: P=1, Ring0, Data, R/W
    55 00000037 00                  <1>     db 00000000b
    56 00000038 00                  <1>     db 0x00
    57                              <1> 
    58                              <1> gdt64_end:
    59                              <1> 
    60                              <1> gdt64_descriptor:
    61 00000039 1700                <1>     dw gdt64_end - gdt64_start - 1
    62 0000003B [21000000]          <1>     dd gdt64_start                     ; Patched at runtime in 32-bit PM
    63 0000003F 00000000            <1>     dd 0                               ; High 32 bits (zero for identity map)
    64                              <1> 
    65                              <1> GDT64_CODE_SEG equ gdt64_code - gdt64_start   ; 0x08
    66                              <1> GDT64_DATA_SEG equ gdt64_data - gdt64_start   ; 0x10
    20                                  %include "a20.asm"
     1                              <1> ; ============================================================================
     2                              <1> ; FastOS A20 Line Enable
     3                              <1> ; ============================================================================
     4                              <1> ; Must be enabled to access memory above 1MB.
     5                              <1> ; Tries: BIOS → keyboard controller → fast A20 (port 0x92).
     6                              <1> ; ============================================================================
     7                              <1> 
     8                              <1> [BITS 16]
     9                              <1> 
    10                              <1> enable_a20:
    11                              <1>     ; Method 1: BIOS
    12 00000043 B80124              <1>     mov ax, 0x2401
    13 00000046 CD15                <1>     int 0x15
    14 00000048 7335                <1>     jnc .a20_done
    15                              <1> 
    16                              <1>     ; Method 2: Keyboard controller
    17 0000004A E83300              <1>     call .a20_wait_input
    18 0000004D B0AD                <1>     mov al, 0xAD
    19 0000004F E664                <1>     out 0x64, al
    20 00000051 E82C00              <1>     call .a20_wait_input
    21 00000054 B0D0                <1>     mov al, 0xD0
    22 00000056 E664                <1>     out 0x64, al
    23 00000058 E82C00              <1>     call .a20_wait_output
    24 0000005B E460                <1>     in al, 0x60
    25 0000005D 50                  <1>     push ax
    26 0000005E E81F00              <1>     call .a20_wait_input
    27 00000061 B0D1                <1>     mov al, 0xD1
    28 00000063 E664                <1>     out 0x64, al
    29 00000065 E81800              <1>     call .a20_wait_input
    30 00000068 58                  <1>     pop ax
    31 00000069 0C02                <1>     or al, 0x02
    32 0000006B E660                <1>     out 0x60, al
    33 0000006D E81000              <1>     call .a20_wait_input
    34 00000070 B0AE                <1>     mov al, 0xAE
    35 00000072 E664                <1>     out 0x64, al
    36 00000074 E80900              <1>     call .a20_wait_input
    37                              <1> 
    38                              <1>     ; Method 3: Fast A20
    39 00000077 E492                <1>     in al, 0x92
    40 00000079 0C02                <1>     or al, 0x02
    41 0000007B 24FE                <1>     and al, 0xFE
    42 0000007D E692                <1>     out 0x92, al
    43                              <1> 
    44                              <1> .a20_done:
    45 0000007F C3                  <1>     ret
    46                              <1> 
    47                              <1> .a20_wait_input:
    48 00000080 E464                <1>     in al, 0x64
    49 00000082 A802                <1>     test al, 0x02
    50 00000084 75FA                <1>     jnz .a20_wait_input
    51 00000086 C3                  <1>     ret
    52                              <1> 
    53                              <1> .a20_wait_output:
    54 00000087 E464                <1>     in al, 0x64
    55 00000089 A801                <1>     test al, 0x01
    56 0000008B 74FA                <1>     jz .a20_wait_output
    57 0000008D C3                  <1>     ret
    21                                  %include "memory.asm"
     1                              <1> ; ============================================================================
     2                              <1> ; FastOS Memory Detection — E801h + Fallback
     3                              <1> ; ============================================================================
     4                              <1> ; E820 hangs on this UEFI CSM (Ryzen 5 5600X motherboard, USB boot).
     5                              <1> ; Use INT 15h AX=E801h instead — simpler, more compatible.
     6                              <1> ;
     7                              <1> ; If E801h also fails, hardcode a conservative memory map.
     8                              <1> ; The kernel can refine this later via ACPI tables.
     9                              <1> ;
    10                              <1> ; Output: memory map at 0x8000 in same format kernel expects:
    11                              <1> ;   [0x8000]      = u32 count
    12                              <1> ;   [0x8004+n*24] = { base_u64, length_u64, type_u32, attrs_u32 }
    13                              <1> ; ============================================================================
    14                              <1> 
    15                              <1> [BITS 16]
    16                              <1> 
    17                              <1> MEMORY_MAP_ADDR  equ 0x8000
    18                              <1> MEMORY_MAP_COUNT equ 0x8000    ; First 4 bytes = count
    19                              <1> 
    20                              <1> detect_memory_e820:
    21 0000008E 6660                <1>     pushad
    22                              <1> 
    23                              <1>     ; ── Try INT 15h AX=E801h ────────────────────────────────────────────
    24                              <1>     ; Returns extended memory in two ranges:
    25                              <1>     ;   AX/CX = memory between 1MB-16MB in 1KB blocks
    26                              <1>     ;   BX/DX = memory above 16MB in 64KB blocks
    27                              <1>     ; More compatible than E820 on UEFI CSM.
    28                              <1> 
    29 00000090 B801E8              <1>     mov ax, 0xE801
    30 00000093 CD15                <1>     int 0x15
    31 00000095 0F82D300            <1>     jc .e801_fail               ; CF = not supported
    32 00000099 83F800              <1>     cmp ax, 0                   ; Some BIOS return 0 in AX
    33 0000009C 7402                <1>     je .try_cx                  ; Try CX instead
    34                              <1> 
    35                              <1>     ; AX = 1KB blocks between 1MB-16MB
    36                              <1>     ; BX = 64KB blocks above 16MB
    37 0000009E EB0B                <1>     jmp .e801_build
    38                              <1> 
    39                              <1> .try_cx:
    40                              <1>     ; Some BIOS put the result in CX/DX instead of AX/BX
    41 000000A0 89C8                <1>     mov ax, cx
    42 000000A2 89D3                <1>     mov bx, dx
    43 000000A4 83F800              <1>     cmp ax, 0
    44 000000A7 0F84C100            <1>     je .e801_fail               ; Both AX and CX are 0 — fail
    45                              <1> 
    46                              <1> .e801_build:
    47                              <1>     ; AX = KB between 1MB-16MB, BX = 64KB blocks above 16MB
    48                              <1>     ; Build a memory map the kernel understands
    49                              <1> 
    50 000000AB 66C706008000000000  <1>     mov dword [MEMORY_MAP_ADDR], 0  ; Reset count
    51 000000B4 BF0480              <1>     mov di, MEMORY_MAP_ADDR + 4
    52                              <1> 
    53                              <1>     ; ── Entry 0: Conventional memory 0x00000 - 0x9FC00 (639KB) ────────
    54 000000B7 66C70500000000      <1>     mov dword [di +  0], 0x00000000  ; base low
    55 000000BE 66C7450400000000    <1>     mov dword [di +  4], 0x00000000  ; base high
    56 000000C6 66C7450800FC0900    <1>     mov dword [di +  8], 0x0009FC00  ; length low (639KB)
    57 000000CE 66C7450C00000000    <1>     mov dword [di + 12], 0x00000000  ; length high
    58 000000D6 66C7451001000000    <1>     mov dword [di + 16], 1           ; type = usable
    59 000000DE 66C7451400000000    <1>     mov dword [di + 20], 0           ; attrs
    60 000000E6 83C718              <1>     add di, 24
    61 000000E9 66FF060080          <1>     inc dword [MEMORY_MAP_ADDR]
    62                              <1> 
    63                              <1>     ; ── Entry 1: Extended memory 1MB to 1MB+AX*1024 ──────────────────
    64                              <1>     ; AX still holds KB between 1MB-16MB
    65 000000EE 660FB7C0            <1>     movzx eax, ax
    66 000000F2 66C1E00A            <1>     shl eax, 10                      ; AX * 1024 = bytes
    67 000000F6 66C70500001000      <1>     mov dword [di +  0], 0x00100000  ; base = 1MB
    68 000000FD 66C7450400000000    <1>     mov dword [di +  4], 0x00000000
    69 00000105 66894508            <1>     mov dword [di +  8], eax         ; length = AX KB
    70 00000109 66C7450C00000000    <1>     mov dword [di + 12], 0x00000000
    71 00000111 66C7451001000000    <1>     mov dword [di + 16], 1           ; type = usable
    72 00000119 66C7451400000000    <1>     mov dword [di + 20], 0
    73 00000121 83C718              <1>     add di, 24
    74 00000124 66FF060080          <1>     inc dword [MEMORY_MAP_ADDR]
    75                              <1> 
    76                              <1>     ; ── Entry 2: Memory above 16MB (if BX > 0) ──────────────────────
    77 00000129 83FB00              <1>     cmp bx, 0
    78 0000012C 743B                <1>     je .e801_done
    79                              <1> 
    80 0000012E 660FB7DB            <1>     movzx ebx, bx
    81 00000132 66C1E310            <1>     shl ebx, 16                      ; BX * 64KB = bytes
    82 00000136 66C70500000001      <1>     mov dword [di +  0], 0x01000000  ; base = 16MB
    83 0000013D 66C7450400000000    <1>     mov dword [di +  4], 0x00000000
    84 00000145 66895D08            <1>     mov dword [di +  8], ebx         ; length low
    85 00000149 66C7450C00000000    <1>     mov dword [di + 12], 0x00000000
    86 00000151 66C7451001000000    <1>     mov dword [di + 16], 1           ; type = usable
    87 00000159 66C7451400000000    <1>     mov dword [di + 20], 0
    88 00000161 83C718              <1>     add di, 24
    89 00000164 66FF060080          <1>     inc dword [MEMORY_MAP_ADDR]
    90                              <1> 
    91                              <1> .e801_done:
    92 00000169 6661                <1>     popad
    93 0000016B C3                  <1>     ret
    94                              <1> 
    95                              <1>     ; ── Fallback: hardcoded conservative map ────────────────────────────
    96                              <1>     ; If E801h fails, assume at least 256MB (safe for Ryzen 5 5600X).
    97                              <1> .e801_fail:
    98 0000016C 66C706008000000000  <1>     mov dword [MEMORY_MAP_ADDR], 0
    99 00000175 BF0480              <1>     mov di, MEMORY_MAP_ADDR + 4
   100                              <1> 
   101                              <1>     ; Entry 0: Conventional 0 - 640KB
   102 00000178 66C70500000000      <1>     mov dword [di +  0], 0x00000000
   103 0000017F 66C7450400000000    <1>     mov dword [di +  4], 0x00000000
   104 00000187 66C7450800000A00    <1>     mov dword [di +  8], 0x000A0000  ; 640KB
   105 0000018F 66C7450C00000000    <1>     mov dword [di + 12], 0x00000000
   106 00000197 66C7451001000000    <1>     mov dword [di + 16], 1
   107 0000019F 66C7451400000000    <1>     mov dword [di + 20], 0
   108 000001A7 83C718              <1>     add di, 24
   109 000001AA 66FF060080          <1>     inc dword [MEMORY_MAP_ADDR]
   110                              <1> 
   111                              <1>     ; Entry 1: Extended 1MB - 256MB (conservative for 16GB+ system)
   112 000001AF 66C70500001000      <1>     mov dword [di +  0], 0x00100000
   113 000001B6 66C7450400000000    <1>     mov dword [di +  4], 0x00000000
   114 000001BE 66C745080000F00F    <1>     mov dword [di +  8], 0x0FF00000  ; 255MB
   115 000001C6 66C7450C00000000    <1>     mov dword [di + 12], 0x00000000
   116 000001CE 66C7451001000000    <1>     mov dword [di + 16], 1
   117 000001D6 66C7451400000000    <1>     mov dword [di + 20], 0
   118 000001DE 83C718              <1>     add di, 24
   119 000001E1 66FF060080          <1>     inc dword [MEMORY_MAP_ADDR]
   120                              <1> 
   121 000001E6 6661                <1>     popad
   122 000001E8 C3                  <1>     ret
    22                                  %include "cpucheck.asm"
     1                              <1> ; ============================================================================
     2                              <1> ; FastOS CPU Check — Verify Ryzen 5 5600X capabilities
     3                              <1> ; ============================================================================
     4                              <1> ; Checks: CPUID, Long Mode, SSE, AVX, AVX2, FMA3, AES-NI, SHA, BMI1/2
     5                              <1> ; ============================================================================
     6                              <1> 
     7                              <1> [BITS 16]
     8                              <1> 
     9                              <1> check_cpuid:
    10 000001E9 669C                <1>     pushfd
    11 000001EB 6658                <1>     pop eax
    12 000001ED 6689C1              <1>     mov ecx, eax
    13 000001F0 663500002000        <1>     xor eax, 1 << 21
    14 000001F6 6650                <1>     push eax
    15 000001F8 669D                <1>     popfd
    16 000001FA 669C                <1>     pushfd
    17 000001FC 6658                <1>     pop eax
    18 000001FE 6651                <1>     push ecx
    19 00000200 669D                <1>     popfd
    20 00000202 6639C8              <1>     cmp eax, ecx
    21 00000205 7401                <1>     je .no_cpuid
    22 00000207 C3                  <1>     ret
    23                              <1> .no_cpuid:
    24 00000208 BE[7002]            <1>     mov si, msg_no_cpuid
    25 0000020B E88D03              <1>     call print_string_16
    26 0000020E FA                  <1>     cli
    27 0000020F F4                  <1>     hlt
    28                              <1> 
    29                              <1> check_long_mode:
    30 00000210 66B800000080        <1>     mov eax, 0x80000000
    31 00000216 0FA2                <1>     cpuid
    32 00000218 663D01000080        <1>     cmp eax, 0x80000001
    33 0000021E 7212                <1>     jb .no_long_mode
    34 00000220 66B801000080        <1>     mov eax, 0x80000001
    35 00000226 0FA2                <1>     cpuid
    36 00000228 66F7C200000020      <1>     test edx, 1 << 29
    37 0000022F 7401                <1>     jz .no_long_mode
    38 00000231 C3                  <1>     ret
    39                              <1> .no_long_mode:
    40 00000232 BE[8B02]            <1>     mov si, msg_no_lm
    41 00000235 E86303              <1>     call print_string_16
    42 00000238 FA                  <1>     cli
    43 00000239 F4                  <1>     hlt
    44                              <1> 
    45                              <1> ; ── 32-bit: store CPU features for kernel ────────────────────────────────
    46                              <1> 
    47                              <1> [BITS 32]
    48                              <1> 
    49                              <1> CPU_FEATURES_ADDR equ 0x9000
    50                              <1> 
    51                              <1> ; Layout at 0x9000:
    52                              <1> ;   +0  : CPUID(1) EDX  — SSE(25), SSE2(26)
    53                              <1> ;   +4  : CPUID(1) ECX  — SSE3(0), SSE4.1(19), SSE4.2(20), AVX(28), AES(25), FMA(12)
    54                              <1> ;   +8  : CPUID(7) EBX  — AVX2(5), BMI1(3), BMI2(8), SHA(29)
    55                              <1> ;   +12 : CPUID(7) ECX
    56                              <1> ;   +16 : CPUID(0x80000001) EDX — Long Mode(29), NX(20)
    57                              <1> 
    58                              <1> detect_cpu_features_32:
    59 0000023A B801000000          <1>     mov eax, 1
    60 0000023F 0FA2                <1>     cpuid
    61 00000241 891500900000        <1>     mov [CPU_FEATURES_ADDR + 0], edx
    62 00000247 890D04900000        <1>     mov [CPU_FEATURES_ADDR + 4], ecx
    63                              <1> 
    64 0000024D B807000000          <1>     mov eax, 7
    65 00000252 31C9                <1>     xor ecx, ecx
    66 00000254 0FA2                <1>     cpuid
    67 00000256 891D08900000        <1>     mov [CPU_FEATURES_ADDR + 8], ebx
    68 0000025C 890D0C900000        <1>     mov [CPU_FEATURES_ADDR + 12], ecx
    69                              <1> 
    70 00000262 B801000080          <1>     mov eax, 0x80000001
    71 00000267 0FA2                <1>     cpuid
    72 00000269 891510900000        <1>     mov [CPU_FEATURES_ADDR + 16], edx
    73 0000026F C3                  <1>     ret
    74                              <1> 
    75                              <1> ; ── Messages ─────────────────────────────────────────────────────────────
    76                              <1> 
    77                              <1> [BITS 16]
    78 00000270 5B466173744F535D20- <1> msg_no_cpuid: db "[FastOS] ERROR: No CPUID", 13, 10, 0
    78 00000279 4552524F523A204E6F- <1>
    78 00000282 2043505549440D0A00  <1>
    79 0000028B 5B466173744F535D20- <1> msg_no_lm:    db "[FastOS] ERROR: No Long Mode", 13, 10, 0
    79 00000294 4552524F523A204E6F- <1>
    79 0000029D 204C6F6E67204D6F64- <1>
    79 000002A6 650D0A00            <1>
    23                                  %include "vbe.asm"
     1                              <1> ; ============================================================================
     2                              <1> ; FastOS VBE — VESA BIOS Extensions for 1920×1080 framebuffer
     3                              <1> ; ============================================================================
     4                              <1> ; Sets 1920×1080×32bpp mode using INT 10h AX=4F02h (VBE 2.0+).
     5                              <1> ; The GPU's VBIOS (loaded by MSI B550 CSM) provides VBE support.
     6                              <1> ;
     7                              <1> ; Output:
     8                              <1> ;   [vbe_fb_addr]   = u32 physical address of linear framebuffer
     9                              <1> ;   [vbe_mode_ok]   = 1 if mode set succeeded, 0 if fallback to VGA text
    10                              <1> ; ============================================================================
    11                              <1> 
    12                              <1> [BITS 16]
    13                              <1> 
    14                              <1> VBE_INFO_BLOCK  equ 0x7000     ; Temporary buffer for VBE info (512 bytes)
    15                              <1> VBE_MODE_INFO   equ 0x7200     ; Temporary buffer for mode info (256 bytes)
    16                              <1> 
    17                              <1> ; Desired mode parameters
    18                              <1> VBE_WANT_WIDTH  equ 1920
    19                              <1> VBE_WANT_HEIGHT equ 1080
    20                              <1> VBE_WANT_BPP    equ 32
    21                              <1> 
    22                              <1> setup_vbe:
    23                              <1>     ; ── Step 1: Get VBE controller info ──────────────────────────────
    24 000002AA B8004F              <1>     mov ax, 0x4F00
    25 000002AD BF0070              <1>     mov di, VBE_INFO_BLOCK
    26 000002B0 66C70556424532      <1>     mov dword [di], 'VBE2'     ; Request VBE 2.0+ info
    27 000002B7 CD10                <1>     int 0x10
    28 000002B9 83F84F              <1>     cmp ax, 0x004F
    29 000002BC 756E                <1>     jne .vbe_fail               ; VBE not supported
    30                              <1> 
    31                              <1>     ; ── Step 2: Walk mode list to find 1920×1080×32bpp ──────────────
    32                              <1>     ; Mode list pointer is at VBE_INFO_BLOCK + 14 (far pointer seg:off)
    33 000002BE 8B360E70            <1>     mov si, [VBE_INFO_BLOCK + 14]    ; offset
    34 000002C2 A11070              <1>     mov ax, [VBE_INFO_BLOCK + 16]    ; segment
    35 000002C5 8EE0                <1>     mov fs, ax                        ; FS:SI = mode list
    36                              <1> 
    37                              <1> .scan_modes:
    38 000002C7 648B0C              <1>     mov cx, [fs:si]
    39 000002CA 83F9FF              <1>     cmp cx, 0xFFFF                    ; End of mode list
    40 000002CD 745D                <1>     je .vbe_fail
    41 000002CF 83C602              <1>     add si, 2
    42                              <1> 
    43                              <1>     ; Get info for this mode
    44 000002D2 56                  <1>     push si
    45 000002D3 51                  <1>     push cx
    46 000002D4 B8014F              <1>     mov ax, 0x4F01
    47 000002D7 BF0072              <1>     mov di, VBE_MODE_INFO
    48 000002DA CD10                <1>     int 0x10
    49 000002DC 59                  <1>     pop cx
    50 000002DD 5E                  <1>     pop si
    51                              <1> 
    52 000002DE 83F84F              <1>     cmp ax, 0x004F
    53 000002E1 75E4                <1>     jne .scan_modes                   ; Skip if query failed
    54                              <1> 
    55                              <1>     ; Check mode attributes (bit 0 = supported, bit 7 = LFB available)
    56 000002E3 A10072              <1>     mov ax, [VBE_MODE_INFO + 0]
    57 000002E6 A98100              <1>     test ax, 0x0081                    ; Supported + LFB
    58 000002E9 74DC                <1>     jz .scan_modes
    59                              <1> 
    60                              <1>     ; Check resolution
    61 000002EB 813E12728007        <1>     cmp word [VBE_MODE_INFO + 18], VBE_WANT_WIDTH
    62 000002F1 75D4                <1>     jne .scan_modes
    63 000002F3 813E14723804        <1>     cmp word [VBE_MODE_INFO + 20], VBE_WANT_HEIGHT
    64 000002F9 75CC                <1>     jne .scan_modes
    65                              <1> 
    66                              <1>     ; Check bits per pixel
    67 000002FB 803E197220          <1>     cmp byte [VBE_MODE_INFO + 25], VBE_WANT_BPP
    68 00000300 75C5                <1>     jne .scan_modes
    69                              <1> 
    70                              <1>     ; Found our mode! CX = mode number
    71                              <1>     ; ── Step 3: Set the mode ────────────────────────────────────────
    72 00000302 89CB                <1>     mov bx, cx
    73 00000304 81CB0040            <1>     or bx, 0x4000                     ; Bit 14 = use linear framebuffer
    74 00000308 B8024F              <1>     mov ax, 0x4F02
    75 0000030B CD10                <1>     int 0x10
    76 0000030D 83F84F              <1>     cmp ax, 0x004F
    77 00000310 751A                <1>     jne .vbe_fail
    78                              <1> 
    79                              <1>     ; ── Step 4: Save framebuffer address ────────────────────────────
    80 00000312 66A12872            <1>     mov eax, [VBE_MODE_INFO + 40]     ; PhysBasePtr
    81 00000316 66A3[4103]          <1>     mov [vbe_fb_addr], eax
    82 0000031A C706[4503]0000      <1>     mov word [vbe_pitch], 0
    83 00000320 A11072              <1>     mov ax, [VBE_MODE_INFO + 16]      ; BytesPerScanLine
    84 00000323 A3[4503]            <1>     mov [vbe_pitch], ax
    85 00000326 C606[4703]01        <1>     mov byte [vbe_mode_ok], 1
    86                              <1> 
    87 0000032B C3                  <1>     ret
    88                              <1> 
    89                              <1> .vbe_fail:
    90                              <1>     ; VBE failed — stay in VGA text mode (80×25)
    91 0000032C C606[4703]00        <1>     mov byte [vbe_mode_ok], 0
    92 00000331 66C706[4103]00800B- <1>     mov dword [vbe_fb_addr], 0xB8000
    92 00000339 00                  <1>
    93 0000033A C706[4503]A000      <1>     mov word [vbe_pitch], 160         ; 80 * 2 for VGA text
    94 00000340 C3                  <1>     ret
    95                              <1> 
    96                              <1> ; ── VBE Data ────────────────────────────────────────────────────────────
    97 00000341 00000000            <1> vbe_fb_addr:  dd 0
    98 00000345 0000                <1> vbe_pitch:    dw 0
    99 00000347 00                  <1> vbe_mode_ok:  db 0
    24                                  %include "payload_loader.asm"
     1                              <1> ; ============================================================================
     2                              <1> ; FastOS Payload Loader — Real Mode Only (No Unreal Mode)
     3                              <1> ; ============================================================================
     4                              <1> ; Target: RTX 3060 12GB (GA106)
     5                              <1> ; Board: MSI MS-7C52 (B550), AMI Aptio V BIOS (DL=0x0E for USB)
     6                              <1> ;
     7                              <1> ; DESIGN: Load firmware using plain real-mode INT 13h only.
     8                              <1> ;   - NO Unreal Mode (causes triple fault on AMI Aptio V CSM)
     9                              <1> ;   - NO lgdt/CR0 toggle in real mode
    10                              <1> ;   - Read 32KB chunks to buffer at 0x20000 (segment 0x2000)
    11                              <1> ;   - Copy to 0x1000000 is done later in Protected Mode by stage2
    12                              <1> ;   - This function ONLY reads to low memory and records metadata
    13                              <1> ;
    14                              <1> ; CONSTRAINTS: NASM -f bin flat binary, no sections, no extern
    15                              <1> ; ============================================================================
    16                              <1> 
    17                              <1> [BITS 16]
    18                              <1> 
    19                              <1> ; ── Constants ───────────────────────────────────────────────────────────────
    20                              <1> PL_GSP_LBA_START   equ 1000           ; LBA where GSP firmware starts on disk
    21                              <1> PL_GSP_SECTORS     equ 142276         ; 72845296 / 512 = 142276.75 → 142277 sectors
    22                              <1> PL_GSP_SIZE        equ 72845296       ; Exact size in bytes
    23                              <1> PL_CHUNK_SECTORS   equ 64             ; 64 sectors = 32KB per INT 13h call
    24                              <1> PL_CHUNK_BYTES     equ 32768          ; 64 * 512
    25                              <1> PL_BUFFER_SEG      equ 0x2000         ; Segment 0x2000 = phys 0x20000
    26                              <1> PL_TOTAL_CHUNKS    equ 2223           ; 142277 / 64 = 2223.078 → 2223 full + 1 partial
    27                              <1> PL_LAST_SECTORS    equ 5              ; 142277 - (2223 * 64) = 142277 - 142272 = 5
    28                              <1> 
    29                              <1> ; ── Entry point ─────────────────────────────────────────────────────────────
    30                              <1> ; Called from stage2.asm with: call load_payloads
    31                              <1> ; On return: payload_base/size set, firmware is at 0x20000..0x4FFFF area
    32                              <1> ;   (only last chunk remains in buffer — full copy to 0x1000000 done in PM)
    33                              <1> ; Actually: we record LBA/size info. PM code does the streaming copy.
    34                              <1> load_payloads:
    35 00000348 60                  <1>     pusha
    36 00000349 8926[B004]          <1>     mov [pl_saved_sp], sp
    37                              <1> 
    38                              <1>     ; Print start message
    39 0000034D BE[C404]            <1>     mov si, pl_msg_start
    40 00000350 E80101              <1>     call pl_print_string
    41                              <1> 
    42                              <1>     ; Print boot_drive value
    43 00000353 BE[E304]            <1>     mov si, pl_msg_dl
    44 00000356 E8FB00              <1>     call pl_print_string
    45 00000359 A0[5A08]            <1>     mov al, [stage2_boot_drive]
    46 0000035C E80601              <1>     call pl_print_hex_byte
    47 0000035F E82501              <1>     call pl_print_newline
    48                              <1> 
    49                              <1>     ; ── Test: single INT 13h read to verify disk access works ────────────
    50 00000362 BE[F604]            <1>     mov si, pl_msg_test_read
    51 00000365 E8EC00              <1>     call pl_print_string
    52                              <1> 
    53                              <1>     ; Setup DAP for test read: 1 sector from LBA 1000 to 0x2000:0x0000
    54 00000368 C606[B404]10        <1>     mov byte  [pl_dap],   0x10         ; DAP size
    55 0000036D C606[B504]00        <1>     mov byte  [pl_dap+1], 0            ; reserved
    56 00000372 C706[B604]0100      <1>     mov word  [pl_dap_count], 1        ; 1 sector
    57 00000378 C706[B804]0000      <1>     mov word  [pl_dap_buf_off], 0x0000
    58 0000037E C706[BA04]0020      <1>     mov word  [pl_dap_buf_seg], PL_BUFFER_SEG
    59 00000384 66C706[BC04]E80300- <1>     mov dword [pl_dap_lba], PL_GSP_LBA_START
    59 0000038C 00                  <1>
    60 0000038D 66C706[C004]000000- <1>     mov dword [pl_dap_lba+4], 0
    60 00000395 00                  <1>
    61                              <1> 
    62 00000396 B442                <1>     mov ah, 0x42
    63 00000398 8A16[5A08]          <1>     mov dl, [stage2_boot_drive]
    64 0000039C BE[B404]            <1>     mov si, pl_dap
    65 0000039F CD13                <1>     int 0x13
    66 000003A1 7244                <1>     jc pl_read_error
    67                              <1> 
    68 000003A3 BE[1D05]            <1>     mov si, pl_msg_test_ok
    69 000003A6 E8AB00              <1>     call pl_print_string
    70                              <1> 
    71                              <1>     ; ── Firmware validated — record metadata for kernel ───────────────────
    72                              <1>     ; The full 69.5MB firmware load to 0x1000000 will be done by the kernel
    73                              <1>     ; itself (via PCI DMA or re-reading sectors in protected/long mode).
    74                              <1>     ; The bootloader's job is just to verify the disk is accessible and
    75                              <1>     ; pass the firmware's disk location + size to the kernel.
    76                              <1>     ; ── Record firmware metadata ──────────────────────────────────────────
    77                              <1>     ; The firmware will be copied to 0x1000000 in Protected Mode.
    78                              <1>     ; Record the disk location so PM code can re-read and copy.
    79 000003A9 66C706[A804]E80300- <1>     mov dword [payload_fw_lba], PL_GSP_LBA_START
    79 000003B1 00                  <1>
    80 000003B2 66C706[AC04]C52B02- <1>     mov dword [payload_fw_sectors], PL_GSP_SECTORS + 1
    80 000003BA 00                  <1>
    81 000003BB 66C706[9804]000000- <1>     mov dword [payload_base], 0x1000000
    81 000003C3 01                  <1>
    82 000003C4 66C706[9C04]000000- <1>     mov dword [payload_base+4], 0
    82 000003CC 00                  <1>
    83 000003CD 66C706[A004]F08757- <1>     mov dword [payload_size], PL_GSP_SIZE
    83 000003D5 04                  <1>
    84 000003D6 66C706[A404]000000- <1>     mov dword [payload_size+4], 0
    84 000003DE 00                  <1>
    85                              <1> 
    86 000003DF BE[3205]            <1>     mov si, pl_msg_done
    87 000003E2 E86F00              <1>     call pl_print_string
    88                              <1> 
    89 000003E5 61                  <1>     popa
    90 000003E6 C3                  <1>     ret
    91                              <1> 
    92                              <1> ; ── Error handler ─────────────────────────────────────────────────────────
    93                              <1> pl_read_error:
    94 000003E7 8826[B204]          <1>     mov [pl_err_code], ah
    95                              <1> 
    96                              <1>     ; Restore segments
    97 000003EB 31C0                <1>     xor ax, ax
    98 000003ED 8ED8                <1>     mov ds, ax
    99 000003EF 8EC0                <1>     mov es, ax
   100 000003F1 8ED0                <1>     mov ss, ax
   101 000003F3 FB                  <1>     sti
   102                              <1> 
   103 000003F4 8B26[B004]          <1>     mov sp, [pl_saved_sp]
   104                              <1> 
   105 000003F8 BE[5305]            <1>     mov si, pl_msg_error
   106 000003FB E85600              <1>     call pl_print_string
   107                              <1> 
   108 000003FE BE[6D05]            <1>     mov si, pl_msg_error_code
   109 00000401 E85000              <1>     call pl_print_string
   110 00000404 A0[B204]            <1>     mov al, [pl_err_code]
   111 00000407 E85B00              <1>     call pl_print_hex_byte
   112 0000040A E87A00              <1>     call pl_print_newline
   113                              <1> 
   114                              <1>     ; Print which LBA failed
   115 0000040D BE[8505]            <1>     mov si, pl_msg_error_lba
   116 00000410 E84100              <1>     call pl_print_string
   117 00000413 A0[BF04]            <1>     mov al, byte [pl_dap_lba+3]
   118 00000416 E84C00              <1>     call pl_print_hex_byte
   119 00000419 A0[BE04]            <1>     mov al, byte [pl_dap_lba+2]
   120 0000041C E84600              <1>     call pl_print_hex_byte
   121 0000041F A0[BD04]            <1>     mov al, byte [pl_dap_lba+1]
   122 00000422 E84000              <1>     call pl_print_hex_byte
   123 00000425 A0[BC04]            <1>     mov al, byte [pl_dap_lba]
   124 00000428 E83A00              <1>     call pl_print_hex_byte
   125 0000042B E85900              <1>     call pl_print_newline
   126                              <1> 
   127                              <1>     ; Set payload to 0 so kernel knows firmware failed
   128 0000042E 66C706[9804]000000- <1>     mov dword [payload_base], 0
   128 00000436 00                  <1>
   129 00000437 66C706[9C04]000000- <1>     mov dword [payload_base+4], 0
   129 0000043F 00                  <1>
   130 00000440 66C706[A004]000000- <1>     mov dword [payload_size], 0
   130 00000448 00                  <1>
   131 00000449 66C706[A404]000000- <1>     mov dword [payload_size+4], 0
   131 00000451 00                  <1>
   132                              <1> 
   133 00000452 61                  <1>     popa
   134 00000453 C3                  <1>     ret
   135                              <1> 
   136                              <1> ; ── Helper functions ──────────────────────────────────────────────────────
   137                              <1> pl_print_string:
   138 00000454 60                  <1>     pusha
   139                              <1> pl_ps_loop:
   140 00000455 AC                  <1>     lodsb
   141 00000456 08C0                <1>     or al, al
   142 00000458 7409                <1>     jz pl_ps_done
   143 0000045A B40E                <1>     mov ah, 0x0E
   144 0000045C BB0700              <1>     mov bx, 0x0007
   145 0000045F CD10                <1>     int 0x10
   146 00000461 EBF2                <1>     jmp pl_ps_loop
   147                              <1> pl_ps_done:
   148 00000463 61                  <1>     popa
   149 00000464 C3                  <1>     ret
   150                              <1> 
   151                              <1> pl_print_hex_byte:
   152 00000465 60                  <1>     pusha
   153 00000466 88C4                <1>     mov ah, al
   154 00000468 C0E804              <1>     shr al, 4
   155 0000046B E80900              <1>     call pl_print_hex_nibble
   156 0000046E 88E0                <1>     mov al, ah
   157 00000470 240F                <1>     and al, 0x0F
   158 00000472 E80200              <1>     call pl_print_hex_nibble
   159 00000475 61                  <1>     popa
   160 00000476 C3                  <1>     ret
   161                              <1> 
   162                              <1> pl_print_hex_nibble:
   163 00000477 0430                <1>     add al, '0'
   164 00000479 3C39                <1>     cmp al, '9'
   165 0000047B 7602                <1>     jbe pl_phn_digit
   166 0000047D 0407                <1>     add al, 7
   167                              <1> pl_phn_digit:
   168 0000047F B40E                <1>     mov ah, 0x0E
   169 00000481 BB0F00              <1>     mov bx, 0x000F
   170 00000484 CD10                <1>     int 0x10
   171 00000486 C3                  <1>     ret
   172                              <1> 
   173                              <1> pl_print_newline:
   174 00000487 60                  <1>     pusha
   175 00000488 B40E                <1>     mov ah, 0x0E
   176 0000048A B00D                <1>     mov al, 13
   177 0000048C BB0F00              <1>     mov bx, 0x000F
   178 0000048F CD10                <1>     int 0x10
   179 00000491 B00A                <1>     mov al, 10
   180 00000493 CD10                <1>     int 0x10
   181 00000495 61                  <1>     popa
   182 00000496 C3                  <1>     ret
   183                              <1> 
   184                              <1> ; ── Data ──────────────────────────────────────────────────────────────────
   185 00000497 90                  <1> align 4
   186 00000498 0000000000000000    <1> payload_base:        dq 0              ; Final address (set after PM copy)
   187 000004A0 0000000000000000    <1> payload_size:        dq 0              ; Firmware size in bytes
   188 000004A8 00000000            <1> payload_fw_lba:      dd 0              ; Starting LBA on disk
   189 000004AC 00000000            <1> payload_fw_sectors:  dd 0              ; Total sectors to read
   190 000004B0 0000                <1> pl_saved_sp:         dw 0
   191 000004B2 00                  <1> pl_err_code:         db 0
   192                              <1> 
   193 000004B3 90                  <1> align 4
   194                              <1> pl_dap:
   195 000004B4 10                  <1>     db 0x10                            ; DAP size
   196 000004B5 00                  <1>     db 0                               ; Reserved
   197                              <1> pl_dap_count:
   198 000004B6 0000                <1>     dw 0                               ; Sectors to read (set per iteration)
   199                              <1> pl_dap_buf_off:
   200 000004B8 0000                <1>     dw 0x0000                          ; Buffer offset
   201                              <1> pl_dap_buf_seg:
   202 000004BA 0020                <1>     dw PL_BUFFER_SEG                   ; Buffer segment
   203                              <1> pl_dap_lba:
   204 000004BC 0000000000000000    <1>     dq 0                               ; Starting LBA
   205                              <1> 
   206 000004C4 5B53325D204C6F6164- <1> pl_msg_start      db "[S2] Loading GSP firmware...", 13, 10, 0
   206 000004CD 696E67204753502066- <1>
   206 000004D6 69726D776172652E2E- <1>
   206 000004DF 2E0D0A00            <1>
   207 000004E3 5B53325D20426F6F74- <1> pl_msg_dl         db "[S2] Boot drive = ", 0
   207 000004EC 206472697665203D20- <1>
   207 000004F5 00                  <1>
   208 000004F6 5B53325D2054657374- <1> pl_msg_test_read  db "[S2] Testing disk read (LBA 1000)...", 13, 10, 0
   208 000004FF 696E67206469736B20- <1>
   208 00000508 7265616420284C4241- <1>
   208 00000511 2031303030292E2E2E- <1>
   208 0000051A 0D0A00              <1>
   209 0000051D 5B53325D2054657374- <1> pl_msg_test_ok    db "[S2] Test read OK!", 13, 10, 0
   209 00000526 2072656164204F4B21- <1>
   209 0000052F 0D0A00              <1>
   210 00000532 0D0A5B53325D204669- <1> pl_msg_done       db 13, 10, "[S2] Firmware read complete!", 13, 10, 0
   210 0000053B 726D77617265207265- <1>
   210 00000544 616420636F6D706C65- <1>
   210 0000054D 7465210D0A00        <1>
   211 00000553 0D0A5B53325D204449- <1> pl_msg_error      db 13, 10, "[S2] DISK READ ERROR!", 13, 10, 0
   211 0000055C 534B20524541442045- <1>
   211 00000565 52524F52210D0A00    <1>
   212 0000056D 5B53325D204572726F- <1> pl_msg_error_code db "[S2] Error code (AH) = ", 0
   212 00000576 7220636F6465202841- <1>
   212 0000057F 4829203D2000        <1>
   213 00000585 5B53325D204661696C- <1> pl_msg_error_lba  db "[S2] Failed at LBA = ", 0
   213 0000058E 6564206174204C4241- <1>
   213 00000597 203D2000            <1>
    25                                  
    26                                  KERNEL_LOAD_ADDR equ 0x100000
    27                                  KERNEL_SECTORS   equ 265
    28                                  GSP_FW_LOAD_ADDR equ 0x1000000    ; 16MB — espacio para el firmware GSP
    29                                  
    30                                  ; --- Print null-terminated string (SI) — local copy for stage2 ---
    31                                  print_string_16:
    32 0000059B 60                          pusha
    33                                  .ps16_loop:
    34 0000059C AC                          lodsb
    35 0000059D 08C0                        or al, al
    36 0000059F 7409                        jz .ps16_done
    37 000005A1 B40E                        mov ah, 0x0E
    38 000005A3 BB0700                      mov bx, 0x0007
    39 000005A6 CD10                        int 0x10
    40 000005A8 EBF2                        jmp .ps16_loop
    41                                  .ps16_done:
    42 000005AA 61                          popa
    43 000005AB C3                          ret
    44                                  
    45                                  stage2_start:
    46                                      ; ── CRITICAL: Save boot drive (DL) IMMEDIATELY ───────────────────────
    47                                      ; BIOS sets DL=0x80 (first hard drive) on boot. Save it NOW before
    48                                      ; any code execution to prevent corruption.
    49 000005AC 8816[5A08]                  mov [stage2_boot_drive], dl
    50                                  
    51                                      ; ── Ultra-early VGA diagnostic ───────────────────────────────────────
    52                                      ; Write "S2" directly to VGA text buffer at bottom-left (row 24).
    53                                      ; This proves Stage2 code is executing, even if INT 10h or segments
    54                                      ; are broken. If you see "S2" on screen but no Stage2 messages,
    55                                      ; the crash is happening between here and the first print_string_16.
    56 000005B0 B800B8                      mov ax, 0xB800
    57 000005B3 8EC0                        mov es, ax
    58 000005B5 26C706000F534F              mov word [es:3840], 0x4F53      ; 'S' white-on-red, row 24, col 0
    59 000005BC 26C706020F324F              mov word [es:3842], 0x4F32      ; '2' white-on-red, row 24, col 1
    60                                  
    61                                      ; ── Phase 1: 16-bit Real Mode ────────────────────────────────────────
    62                                  
    63 000005C3 FA                          cli
    64 000005C4 31C0                        xor ax, ax
    65 000005C6 8ED8                        mov ds, ax
    66 000005C8 8EC0                        mov es, ax
    67 000005CA 8ED0                        mov ss, ax
    68 000005CC BC007C                      mov sp, 0x7C00
    69 000005CF FB                          sti
    70                                  
    71 000005D0 BE[CB06]                    mov si, msg_s2_start
    72 000005D3 E8C5FF                      call print_string_16
    73                                  
    74                                      ; CPU checks
    75 000005D6 E810FC                      call check_cpuid
    76 000005D9 BE[E706]                    mov si, msg_cpuid_ok
    77 000005DC E8BCFF                      call print_string_16
    78                                  
    79 000005DF E82EFC                      call check_long_mode
    80 000005E2 BE[FC06]                    mov si, msg_lm_ok
    81 000005E5 E8B3FF                      call print_string_16
    82                                  
    83                                      ; Enable A20
    84 000005E8 E858FA                      call enable_a20
    85 000005EB BE[1507]                    mov si, msg_a20_ok
    86 000005EE E8AAFF                      call print_string_16
    87                                  
    88                                      ; Detect memory (E801h — E820 hangs on MSI B550 CSM)
    89 000005F1 BE[2D07]                    mov si, msg_e820_try
    90 000005F4 E8A4FF                      call print_string_16
    91                                  
    92 000005F7 E894FA                      call detect_memory_e820
    93 000005FA BE[5407]                    mov si, msg_mem_ok
    94 000005FD E89BFF                      call print_string_16
    95                                  
    96                                      ; ── Load kernel in chunks (64 sectors / 32KB per INT 13h call) ───────
    97                                      ; Total: 257 sectors = 131KB loaded to 0x20000 buffer, then copied to 0x100000.
    98                                      ; 32KB chunks avoid 64KB segment boundary issues in real mode.
    99                                      ; Buffer at 0x20000 provides 256KB of space (more than enough for 131KB kernel).
   100                                      ; MSI B550 CSM: AH=42h works despite AH=41h reporting no LBA.
   101 00000600 BE[6E07]                    mov si, msg_loading_kernel
   102 00000603 E895FF                      call print_string_16
   103                                  
   104                                      ; Initialize DAP for first chunk
   105 00000606 C706[5E08]4000              mov word [dap_k_count], 64
   106 0000060C C706[6008]0000              mov word [dap_k_offset], 0x0000
   107 00000612 C706[6208]0020              mov word [dap_k_seg], 0x2000          ; Segment 0x2000 → phys 0x20000 (128KB)
   108 00000618 66C706[6408]210000-         mov dword [dap_k_lba], 33             ; LBA 33 (after MBR + Stage2)
   108 00000620 00                 
   109 00000621 66C706[6808]000000-         mov dword [dap_k_lba + 4], 0
   109 00000629 00                 
   110                                  
   111 0000062A B90400                      mov cx, 4                              ; 4 full chunks of 64
   112                                  .load_kernel_loop:
   113 0000062D 51                          push cx
   114 0000062E B442                        mov ah, 0x42
   115 00000630 8A16[5A08]                  mov dl, [stage2_boot_drive]
   116 00000634 BE[5C08]                    mov si, dap_kernel
   117 00000637 CD13                        int 0x13
   118 00000639 0F828500                    jc .kernel_chunk_err
   119                                  
   120                                      ; Progress indicator
   121 0000063D B40E                        mov ah, 0x0E
   122 0000063F B02E                        mov al, '.'
   123 00000641 BB0700                      mov bx, 0x0007
   124 00000644 CD10                        int 0x10
   125                                  
   126                                      ; Advance DAP for next chunk: segment += 0x800 (+32KB), LBA += 64
   127 00000646 8106[6208]0008              add word [dap_k_seg], 0x800
   128 0000064C 668306[6408]40              add dword [dap_k_lba], 64
   129                                  
   130 00000652 59                          pop cx
   131 00000653 E2D8                        loop .load_kernel_loop
   132                                  
   133                                      ; Load final partial chunk (9 sectors = 265 - 256)
   134 00000655 C706[5E08]0900              mov word [dap_k_count], 9
   135 0000065B B442                        mov ah, 0x42
   136 0000065D 8A16[5A08]                  mov dl, [stage2_boot_drive]
   137 00000661 BE[5C08]                    mov si, dap_kernel
   138 00000664 CD13                        int 0x13
   139 00000666 725A                        jc .kernel_chunk_err
   140                                  
   141                                      ; Progress indicator
   142 00000668 B40E                        mov ah, 0x0E
   143 0000066A B02E                        mov al, '.'
   144 0000066C BB0700                      mov bx, 0x0007
   145 0000066F CD10                        int 0x10
   146                                  
   147 00000671 BE[8607]                    mov si, msg_kernel_loaded
   148 00000674 E824FF                      call print_string_16
   149                                  
   150                                      ; ── Load external modules (GSP Firmware) ─────────────────────────────
   151                                      ; Pass boot drive address in BX so payload_loader reads from stage2's copy
   152 00000677 E8CEFC                      call load_payloads
   153                                  
   154                                      ; ── CRITICAL: Restore stack to known good state after load_payloads ──
   155                                      ; load_payloads does pusha/popa so SP should be intact, but Unreal Mode
   156                                      ; may have trashed segment caches. Reset everything to be safe.
   157 0000067A FA                          cli
   158 0000067B 31C0                        xor ax, ax
   159 0000067D 8ED8                        mov ds, ax
   160 0000067F 8EC0                        mov es, ax
   161 00000681 8ED0                        mov ss, ax
   162 00000683 BC007C                      mov sp, 0x7C00
   163 00000686 FB                          sti
   164                                  
   165                                      ; Diagnostic: confirm we returned from load_payloads
   166 00000687 BE[3208]                    mov si, msg_entering_pm
   167 0000068A E80EFF                      call print_string_16
   168                                  
   169                                      ; ── Phase 2: Enter 32-bit Protected Mode ─────────────────────────────
   170                                  
   171                                      ; Save current BIOS cursor row for VGA continuation in PM
   172 0000068D B403                        mov ah, 0x03
   173 0000068F 30FF                        xor bh, bh
   174 00000691 CD10                        int 0x10
   175 00000693 660FB6C6                    movzx eax, dh
   176 00000697 A2[5B08]                    mov [vga_row], al
   177                                  
   178 0000069A FA                          cli
   179                                  
   180                                      ; Patch GDT32 descriptor with physical address (CS*16 + offset)
   181                                      ; In flat binary, gdt32_start is an offset from ORG 0x7E00.
   182                                      ; With CS=0 and DS=0, the label value IS the physical address.
   183                                      ; But after Unreal Mode, segment limits may be wrong — re-patch to be safe.
   184 0000069B 6631C0                      xor eax, eax
   185 0000069E 8CC8                        mov ax, cs
   186 000006A0 66C1E004                    shl eax, 4
   187 000006A4 6605[03000000]              add eax, gdt32_start
   188 000006AA 66A3[1D00]                  mov dword [gdt32_descriptor + 2], eax
   189                                  
   190 000006AE 0F0116[1B00]                lgdt [gdt32_descriptor]
   191                                  
   192 000006B3 0F20C0                      mov eax, cr0
   193 000006B6 6683C801                    or eax, 1
   194 000006BA 0F22C0                      mov cr0, eax
   195                                  
   196 000006BD EA[1909]0800                jmp GDT32_CODE_SEG:protected_mode_entry
   197                                  
   198                                  .kernel_chunk_err:
   199 000006C2 59                          pop cx                                 ; Balance push cx
   200                                  .kernel_load_err:
   201 000006C3 BE[A407]                    mov si, msg_kernel_err
   202 000006C6 E8D2FE                      call print_string_16
   203 000006C9 FA                          cli
   204 000006CA F4                          hlt
   205                                  
   206                                  ; ── 16-bit Data ──────────────────────────────────────────────────────────
   207                                  
   208 000006CB 5B466173744F535D20-     msg_s2_start:       db "[FastOS] Stage2: starting", 13, 10, 0
   208 000006D4 5374616765323A2073-
   208 000006DD 74617274696E670D0A-
   208 000006E6 00                 
   209 000006E7 5B466173744F535D20-     msg_cpuid_ok:       db "[FastOS] CPUID: OK", 13, 10, 0
   209 000006F0 43505549443A204F4B-
   209 000006F9 0D0A00             
   210 000006FC 5B466173744F535D20-     msg_lm_ok:          db "[FastOS] Long Mode: OK", 13, 10, 0
   210 00000705 4C6F6E67204D6F6465-
   210 0000070E 3A204F4B0D0A00     
   211 00000715 5B466173744F535D20-     msg_a20_ok:         db "[FastOS] A20: enabled", 13, 10, 0
   211 0000071E 4132303A20656E6162-
   211 00000727 6C65640D0A00       
   212 0000072D 5B466173744F535D20-     msg_e820_try:       db "[FastOS] Detecting memory (E801h)...", 13, 10, 0
   212 00000736 446574656374696E67-
   212 0000073F 206D656D6F72792028-
   212 00000748 4538303168292E2E2E-
   212 00000751 0D0A00             
   213 00000754 5B466173744F535D20-     msg_mem_ok:         db "[FastOS] Memory map: OK", 13, 10, 0
   213 0000075D 4D656D6F7279206D61-
   213 00000766 703A204F4B0D0A00   
   214 0000076E 5B466173744F535D20-     msg_loading_kernel: db "[FastOS] Loading kernel", 0
   214 00000777 4C6F6164696E67206B-
   214 00000780 65726E656C00       
   215 00000786 0D0A5B466173744F53-     msg_kernel_loaded:  db 13, 10, "[FastOS] Kernel loaded OK", 13, 10, 0
   215 0000078F 5D204B65726E656C20-
   215 00000798 6C6F61646564204F4B-
   215 000007A1 0D0A00             
   216 000007A4 0D0A5B466173744F53-     msg_kernel_err:     db 13, 10, "[FastOS] KERNEL LOAD ERROR!", 13, 10, 0
   216 000007AD 5D204B45524E454C20-
   216 000007B6 4C4F4144204552524F-
   216 000007BF 52210D0A00         
   217 000007C4 5B466173744F535D20-     msg_vbe_try:        db "[FastOS] Setting 1920x1080x32...", 13, 10, 0
   217 000007CD 53657474696E672031-
   217 000007D6 393230783130383078-
   217 000007DF 33322E2E2E0D0A00   
   218 000007E7 5B466173744F535D20-     msg_vbe_ok:         db "[FastOS] VBE: 1920x1080x32bpp OK!", 13, 10, 0
   218 000007F0 5642453A2031393230-
   218 000007F9 783130383078333262-
   218 00000802 7070204F4B210D0A00 
   219 0000080B 5B466173744F535D20-     msg_vbe_fail:       db "[FastOS] VBE: Failed, using VGA text", 13, 10, 0
   219 00000814 5642453A204661696C-
   219 0000081D 65642C207573696E67-
   219 00000826 205647412074657874-
   219 0000082F 0D0A00             
   220 00000832 5B466173744F535D20-     msg_entering_pm:    db "[FastOS] Entering PM -> LM -> Kernel!", 13, 10, 0
   220 0000083B 456E746572696E6720-
   220 00000844 504D202D3E204C4D20-
   220 0000084D 2D3E204B65726E656C-
   220 00000856 210D0A00           
   221                                  
   222 0000085A 00                      stage2_boot_drive: db 0
   223 0000085B 00                      vga_row:           db 0
   224                                  
   225                                  align 4
   226                                  dap_kernel:
   227 0000085C 10                          db 0x10
   228 0000085D 00                          db 0
   229 0000085E 4000                    dap_k_count:  dw 64                      ; sectors per chunk (64 × 512 = 32KB)
   230 00000860 0000                    dap_k_offset: dw 0x0000
   231 00000862 0010                    dap_k_seg:    dw 0x1000                   ; initial segment → phys 0x10000
   232 00000864 2100000000000000        dap_k_lba:    dq 33                       ; initial LBA (after MBR + Stage2)
   233                                  
   234                                  ; ── 32-bit Protected Mode ────────────────────────────────────────────────
   235                                  
   236                                  [BITS 32]
   237                                  
   238                                  %include "paging.asm"
     1                              <1> ; ============================================================================
     2                              <1> ; FastOS Paging — 4-level page tables for Long Mode (x86-64)
     3                              <1> ; ============================================================================
     4                              <1> ; Identity maps first 4GB using 2MB huge pages.
     5                              <1> ; Ryzen 5 5600X supports: 4-level, 1GB/2MB/4KB pages, NX, PCID
     6                              <1> ; ============================================================================
     7                              <1> 
     8                              <1> [BITS 32]
     9                              <1> 
    10                              <1> PAGE_PRESENT    equ 0x01
    11                              <1> PAGE_WRITABLE   equ 0x02
    12                              <1> PAGE_HUGE       equ 0x80
    13                              <1> PAGE_FLAGS      equ (PAGE_PRESENT | PAGE_WRITABLE)
    14                              <1> PAGE_HUGE_FLAGS equ (PAGE_PRESENT | PAGE_WRITABLE | PAGE_HUGE)
    15                              <1> 
    16                              <1> PML4_ADDR       equ 0x1000
    17                              <1> PDPT_ADDR       equ 0x2000
    18                              <1> PD0_ADDR        equ 0x3000
    19                              <1> PD1_ADDR        equ 0x4000
    20                              <1> PD2_ADDR        equ 0x5000
    21                              <1> PD3_ADDR        equ 0x6000
    22                              <1> 
    23                              <1> setup_paging:
    24                              <1>     ; Clear 6 pages of page tables (24KB)
    25 0000086C BF00100000          <1>     mov edi, PML4_ADDR
    26 00000871 31C0                <1>     xor eax, eax
    27 00000873 B900180000          <1>     mov ecx, 6 * 1024
    28 00000878 F3AB                <1>     rep stosd
    29                              <1> 
    30                              <1>     ; PML4[0] → PDPT
    31 0000087A C70500100000032000- <1>     mov dword [PML4_ADDR], PDPT_ADDR | PAGE_FLAGS
    31 00000883 00                  <1>
    32                              <1> 
    33                              <1>     ; PDPT[0..3] → PD0..PD3
    34 00000884 C70500200000033000- <1>     mov dword [PDPT_ADDR + 0*8], PD0_ADDR | PAGE_FLAGS
    34 0000088D 00                  <1>
    35 0000088E C70508200000034000- <1>     mov dword [PDPT_ADDR + 1*8], PD1_ADDR | PAGE_FLAGS
    35 00000897 00                  <1>
    36 00000898 C70510200000035000- <1>     mov dword [PDPT_ADDR + 2*8], PD2_ADDR | PAGE_FLAGS
    36 000008A1 00                  <1>
    37 000008A2 C70518200000036000- <1>     mov dword [PDPT_ADDR + 3*8], PD3_ADDR | PAGE_FLAGS
    37 000008AB 00                  <1>
    38                              <1> 
    39                              <1>     ; PD0: 0x00000000 - 0x3FFFFFFF (512 × 2MB pages)
    40 000008AC BF00300000          <1>     mov edi, PD0_ADDR
    41 000008B1 B883000000          <1>     mov eax, PAGE_HUGE_FLAGS
    42 000008B6 B900020000          <1>     mov ecx, 512
    43                              <1> .fill_pd0:
    44 000008BB 8907                <1>     mov [edi], eax
    45 000008BD 0500002000          <1>     add eax, 0x200000
    46 000008C2 83C708              <1>     add edi, 8
    47 000008C5 E2F4                <1>     loop .fill_pd0
    48                              <1> 
    49                              <1>     ; PD1: 0x40000000 - 0x7FFFFFFF
    50 000008C7 BF00400000          <1>     mov edi, PD1_ADDR
    51 000008CC B883000040          <1>     mov eax, 0x40000000 | PAGE_HUGE_FLAGS
    52 000008D1 B900020000          <1>     mov ecx, 512
    53                              <1> .fill_pd1:
    54 000008D6 8907                <1>     mov [edi], eax
    55 000008D8 0500002000          <1>     add eax, 0x200000
    56 000008DD 83C708              <1>     add edi, 8
    57 000008E0 E2F4                <1>     loop .fill_pd1
    58                              <1> 
    59                              <1>     ; PD2: 0x80000000 - 0xBFFFFFFF
    60 000008E2 BF00500000          <1>     mov edi, PD2_ADDR
    61 000008E7 B883000080          <1>     mov eax, 0x80000000 | PAGE_HUGE_FLAGS
    62 000008EC B900020000          <1>     mov ecx, 512
    63                              <1> .fill_pd2:
    64 000008F1 8907                <1>     mov [edi], eax
    65 000008F3 0500002000          <1>     add eax, 0x200000
    66 000008F8 83C708              <1>     add edi, 8
    67 000008FB E2F4                <1>     loop .fill_pd2
    68                              <1> 
    69                              <1>     ; PD3: 0xC0000000 - 0xFFFFFFFF
    70 000008FD BF00600000          <1>     mov edi, PD3_ADDR
    71 00000902 B8830000C0          <1>     mov eax, 0xC0000000 | PAGE_HUGE_FLAGS
    72 00000907 B900020000          <1>     mov ecx, 512
    73                              <1> .fill_pd3:
    74 0000090C 8907                <1>     mov [edi], eax
    75 0000090E 0500002000          <1>     add eax, 0x200000
    76 00000913 83C708              <1>     add edi, 8
    77 00000916 E2F4                <1>     loop .fill_pd3
    78                              <1> 
    79 00000918 C3                  <1>     ret
   239                                  
   240                                  protected_mode_entry:
   241 00000919 66B81000                    mov ax, GDT32_DATA_SEG
   242 0000091D 8ED8                        mov ds, ax
   243 0000091F 8EC0                        mov es, ax
   244 00000921 8EE0                        mov fs, ax
   245 00000923 8EE8                        mov gs, ax
   246 00000925 8ED0                        mov ss, ax
   247 00000927 BC00000900                  mov esp, 0x90000
   248                                  
   249                                      ; VGA print — continue from where BIOS left off (don't overwrite!)
   250                                      ; Read saved row from real mode, compute offset
   251 0000092C 0FB605[5B080000]            movzx eax, byte [vga_row]
   252 00000933 69C0A0000000                imul eax, 160                   ; 80 cols × 2 bytes per char
   253 00000939 0500800B00                  add eax, 0xB8000
   254 0000093E 89C7                        mov edi, eax
   255 00000940 BE[DC090000]                mov esi, msg_pm_ok
   256 00000945 B40A                        mov ah, 0x0A                    ; light green on black
   257                                  .pm_print:
   258 00000947 AC                          lodsb
   259 00000948 84C0                        test al, al
   260 0000094A 7404                        jz .pm_print_done
   261 0000094C 66AB                        stosw
   262 0000094E EBF7                        jmp .pm_print
   263                                  .pm_print_done:
   264                                  
   265                                      ; Detect CPU features for kernel
   266 00000950 E8E5F8FFFF                  call detect_cpu_features_32
   267                                  
   268                                      ; Copy kernel: 0x20000 → 0x100000 (1MB), 131KB
   269 00000955 BE00000200                  mov esi, 0x20000
   270 0000095A BF00001000                  mov edi, 0x100000
   271 0000095F B902800000                  mov ecx, 32770                  ; 131KB / 4 bytes = 32770 dwords
   272 00000964 F3A5                        rep movsd
   273                                  
   274                                      ; ── Phase 3: Paging + Long Mode ──────────────────────────────────────
   275                                  
   276                                      ; VGA progress — next row
   277 00000966 0FB605[5B080000]            movzx eax, byte [vga_row]
   278 0000096D 40                          inc eax
   279 0000096E 69C0A0000000                imul eax, 160
   280 00000974 0500800B00                  add eax, 0xB8000
   281 00000979 89C7                        mov edi, eax
   282 0000097B BE[F8090000]                mov esi, msg_paging_ok
   283 00000980 B40E                        mov ah, 0x0E                    ; yellow on black
   284                                  .pg_print:
   285 00000982 AC                          lodsb
   286 00000983 84C0                        test al, al
   287 00000985 7404                        jz .pg_print_done
   288 00000987 66AB                        stosw
   289 00000989 EBF7                        jmp .pg_print
   290                                  .pg_print_done:
   291                                  
   292 0000098B E8DCFEFFFF                  call setup_paging
   293                                  
   294                                      ; Load PML4 into CR3
   295 00000990 B800100000                  mov eax, PML4_ADDR
   296 00000995 0F22D8                      mov cr3, eax
   297                                  
   298                                      ; Enable PAE
   299 00000998 0F20E0                      mov eax, cr4
   300 0000099B 83C820                      or eax, (1 << 5)
   301 0000099E 0F22E0                      mov cr4, eax
   302                                  
   303                                      ; Enable Long Mode (EFER.LME) + NX (EFER.NXE)
   304 000009A1 B9800000C0                  mov ecx, 0xC0000080
   305 000009A6 0F32                        rdmsr
   306 000009A8 0D00010000                  or eax, (1 << 8)               ; LME
   307 000009AD 0D00080000                  or eax, (1 << 11)              ; NXE
   308 000009B2 0F30                        wrmsr
   309                                  
   310                                      ; Enable paging + write protect
   311 000009B4 0F20C0                      mov eax, cr0
   312 000009B7 0D00000080                  or eax, (1 << 31)              ; PG
   313 000009BC 0D00000100                  or eax, (1 << 16)              ; WP
   314 000009C1 0F22C0                      mov cr0, eax
   315                                  
   316                                      ; Patch GDT64 descriptor base address (already linear in PM, but be explicit)
   317 000009C4 C705[3B000000]-             mov dword [gdt64_descriptor + 2], gdt64_start
   317 000009CA [21000000]         
   318 000009CE 0F0115[39000000]            lgdt [gdt64_descriptor]
   319                                  
   320                                      ; Far jump to 64-bit!
   321 000009D5 EA[5C0A0000]0800            jmp GDT64_CODE_SEG:long_mode_entry
   322                                  
   323 000009DC 5B466173744F535D20-     msg_pm_ok:      db "[FastOS] Protected Mode: OK", 0
   323 000009E5 50726F746563746564-
   323 000009EE 204D6F64653A204F4B-
   323 000009F7 00                 
   324 000009F8 5B466173744F535D20-     msg_paging_ok:  db "[FastOS] Paging + Long Mode setup...", 0
   324 00000A01 506167696E67202B20-
   324 00000A0A 4C6F6E67204D6F6465-
   324 00000A13 2073657475702E2E2E-
   324 00000A1C 00                 
   325                                  
   326                                  ; ── 64-bit Long Mode ────────────────────────────────────────────────────
   327                                  
   328                                  [BITS 64]
   329                                  DEFAULT ABS
   330                                  
   331                                  %include "sse_avx.asm"
     1                              <1> ; ============================================================================
     2                              <1> ; FastOS SSE + AVX + AVX2 Initialization (64-bit)
     3                              <1> ; ============================================================================
     4                              <1> ; Ryzen 5 5600X: SSE→SSE2→SSE3→SSSE3→SSE4.1→SSE4.2→AVX→AVX2→FMA3
     5                              <1> ;
     6                              <1> ; 1. Enable SSE  (CR0.EM=0, CR0.MP=1, CR4.OSFXSR, CR4.OSXMMEXCPT)
     7                              <1> ; 2. Enable XSAVE (CR4.OSXSAVE)
     8                              <1> ; 3. Enable AVX via XCR0 (bits 0+1+2 = x87 + SSE + AVX)
     9                              <1> ; 4. AVX2/FMA3 usable after AVX enabled
    10                              <1> ; ============================================================================
    11                              <1> 
    12                              <1> [BITS 64]
    13                              <1> 
    14                              <1> init_sse_avx:
    15                              <1>     ; Enable SSE
    16 00000A1D 0F20C0              <1>     mov rax, cr0
    17 00000A20 6683E0FB            <1>     and ax, 0xFFFB              ; Clear CR0.EM (bit 2)
    18 00000A24 6683C802            <1>     or ax, 0x0002               ; Set CR0.MP (bit 1)
    19 00000A28 0F22C0              <1>     mov cr0, rax
    20                              <1> 
    21 00000A2B 0F20E0              <1>     mov rax, cr4
    22 00000A2E 660D0002            <1>     or ax, (1 << 9)             ; CR4.OSFXSR
    23 00000A32 660D0004            <1>     or ax, (1 << 10)            ; CR4.OSXMMEXCPT
    24 00000A36 0F22E0              <1>     mov cr4, rax
    25                              <1> 
    26                              <1>     ; Enable XSAVE
    27 00000A39 0F20E0              <1>     mov rax, cr4
    28 00000A3C 480D00000400        <1>     or rax, (1 << 18)           ; CR4.OSXSAVE
    29 00000A42 0F22E0              <1>     mov cr4, rax
    30                              <1> 
    31                              <1>     ; Enable AVX via XCR0
    32 00000A45 4831C9              <1>     xor rcx, rcx
    33 00000A48 0F01D0              <1>     xgetbv
    34 00000A4B 83C807              <1>     or eax, 0x07                ; x87 + SSE + AVX
    35 00000A4E 0F01D1              <1>     xsetbv
    36                              <1> 
    37 00000A51 C3                  <1>     ret
    38                              <1> 
    39                              <1> ; AVX2 self-test
    40                              <1> avx2_selftest:
    41 00000A52 C5FD76C0            <1>     db 0xC5, 0xFD, 0x76, 0xC0      ; vpcmpeqd ymm0, ymm0, ymm0
    42 00000A56 C4E27D17C0          <1>     db 0xC4, 0xE2, 0x7D, 0x17, 0xC0 ; vptest ymm0, ymm0
    43 00000A5B C3                  <1>     ret
   332                                  
   333                                  long_mode_entry:
   334 00000A5C 66B81000                    mov ax, GDT64_DATA_SEG
   335 00000A60 8ED8                        mov ds, ax
   336 00000A62 8EC0                        mov es, ax
   337 00000A64 8EE0                        mov fs, ax
   338 00000A66 8EE8                        mov gs, ax
   339 00000A68 8ED0                        mov ss, ax
   340 00000A6A BC00008000                  mov rsp, 0x800000
   341                                  
   342                                      ; VGA: Long Mode active — row after paging msg
   343 00000A6F 480FB60425-                 movzx rax, byte [vga_row]
   343 00000A74 [5B080000]         
   344 00000A78 4883C002                    add rax, 2                      ; PM row + paging row
   345 00000A7C 4869C0A0000000              imul rax, 160
   346 00000A83 480500800B00                add rax, 0xB8000
   347 00000A89 4889C7                      mov rdi, rax
   348 00000A8C 48BE-                       mov rsi, msg_lm_active
   348 00000A8E [BF0B000000000000] 
   349 00000A96 B40E                        mov ah, 0x0E                    ; yellow on black
   350                                  .lm_print:
   351 00000A98 AC                          lodsb
   352 00000A99 84C0                        test al, al
   353 00000A9B 7404                        jz .lm_print_done
   354 00000A9D 66AB                        stosw
   355 00000A9F EBF7                        jmp .lm_print
   356                                  .lm_print_done:
   357                                  
   358                                      ; Init SSE + AVX + AVX2
   359 00000AA1 E877FFFFFF                  call init_sse_avx
   360 00000AA6 E8A7FFFFFF                  call avx2_selftest
   361                                  
   362                                      ; VGA: AVX2 ready — next row
   363 00000AAB 480FB60425-                 movzx rax, byte [vga_row]
   363 00000AB0 [5B080000]         
   364 00000AB4 4883C003                    add rax, 3
   365 00000AB8 4869C0A0000000              imul rax, 160
   366 00000ABF 480500800B00                add rax, 0xB8000
   367 00000AC5 4889C7                      mov rdi, rax
   368 00000AC8 48BE-                       mov rsi, msg_avx2_ok
   368 00000ACA [E10B000000000000] 
   369 00000AD2 B40A                        mov ah, 0x0A                    ; light green
   370                                  .avx_print:
   371 00000AD4 AC                          lodsb
   372 00000AD5 84C0                        test al, al
   373 00000AD7 7404                        jz .avx_print_done
   374 00000AD9 66AB                        stosw
   375 00000ADB EBF7                        jmp .avx_print
   376                                  .avx_print_done:
   377                                  
   378                                      ; VGA: jumping to kernel — next row
   379 00000ADD 480FB60425-                 movzx rax, byte [vga_row]
   379 00000AE2 [5B080000]         
   380 00000AE6 4883C004                    add rax, 4
   381 00000AEA 4869C0A0000000              imul rax, 160
   382 00000AF1 480500800B00                add rax, 0xB8000
   383 00000AF7 4889C7                      mov rdi, rax
   384 00000AFA 48BE-                       mov rsi, msg_jump_kernel
   384 00000AFC [0A0C000000000000] 
   385 00000B04 B40F                        mov ah, 0x0F                    ; white on black
   386                                  .jk_print:
   387 00000B06 AC                          lodsb
   388 00000B07 84C0                        test al, al
   389 00000B09 7404                        jz .jk_print_done
   390 00000B0B 66AB                        stosw
   391 00000B0D EBF7                        jmp .jk_print
   392                                  .jk_print_done:
   393                                  
   394                                      ; ── Build boot info for Rust kernel ──────────────────────────────────
   395                                  
   396                                      ; Boot info at 0x9100 (passed in RDI to Rust)
   397 00000B0F 48C704250091000005-         mov qword [0x9100], 0xFA5705           ; magic
   397 00000B18 57FA00             
   398 00000B1B 48C704250891000000-         mov qword [0x9108], 0x8000             ; memory_map_addr
   398 00000B24 800000             
   399 00000B27 8B042500800000              mov eax, [0x8000]
   400 00000B2E 4889042510910000            mov qword [0x9110], rax                ; memory_map_count
   401 00000B36 48C704251891000000-         mov qword [0x9118], 0x9000             ; cpu_features_addr
   401 00000B3F 900000             
   402                                  
   403                                      ; Framebuffer: use VBE address if set, otherwise VGA 0xB8000
   404 00000B42 8B0425[41030000]            mov eax, [vbe_fb_addr]
   405 00000B49 4889042520910000            mov qword [0x9120], rax                ; framebuffer_addr
   406 00000B51 48C704252891000000-         mov qword [0x9128], 0x100000           ; kernel_start
   406 00000B5A 001000             
   407 00000B5D 48C704253091000000-         mov qword [0x9130], 132 * 1024         ; kernel_size (132KB)
   407 00000B66 100200             
   408                                  
   409                                      ; Extended boot info: VBE data
   410 00000B69 0FB70425[45030000]          movzx eax, word [vbe_pitch]
   411 00000B71 4889042538910000            mov qword [0x9138], rax                ; fb_pitch
   412 00000B79 0FB60425[47030000]          movzx eax, byte [vbe_mode_ok]
   413 00000B81 4889042540910000            mov qword [0x9140], rax                ; vbe_mode (1=graphics, 0=text)
   414                                  
   415                                      ; Extended boot info: GSP Firmware (loaded by payload_loader.asm)
   416 00000B89 8B0425[98040000]            mov eax, dword [payload_base]
   417 00000B90 4889042548910000            mov qword [0x9148], rax                ; gpu_fw_addr
   418 00000B98 8B0425[A0040000]            mov eax, dword [payload_size]
   419 00000B9F 4889042550910000            mov qword [0x9150], rax                ; gpu_fw_size
   420                                  
   421                                      ; ── Jump to Rust kernel with System V AMD64 ABI arguments ─────────────
   422                                      ; RDI = GSP firmware address (0x1000000)
   423                                      ; RSI = GSP firmware size (72845296)
   424                                      ; RDX = memory map pointer (0x8000)
   425                                  
   426 00000BA7 BF00000001                  mov rdi, 0x1000000              ; GSP firmware address
   427 00000BAC BEF0875704                  mov rsi, 72845296               ; GSP firmware size
   428 00000BB1 BA00800000                  mov rdx, 0x8000                 ; Memory map pointer
   429                                  
   430 00000BB6 B800001000                  mov rax, 0x100000              ; Kernel entry point
   431 00000BBB FFE0                        jmp rax
   432                                  
   433 00000BBD FA                          cli
   434 00000BBE F4                          hlt
   435                                  
   436 00000BBF 5B466173744F535D20-     msg_lm_active:   db "[FastOS] 64-bit Long Mode: ACTIVE", 0
   436 00000BC8 36342D626974204C6F-
   436 00000BD1 6E67204D6F64653A20-
   436 00000BDA 41435449564500     
   437 00000BE1 5B466173744F535D20-     msg_avx2_ok:     db "[FastOS] SSE4.2+AVX2+FMA3: READY (Zen 3)", 0
   437 00000BEA 535345342E322B4156-
   437 00000BF3 58322B464D41333A20-
   437 00000BFC 524541445920285A65-
   437 00000C05 6E20332900         
   438 00000C0A 5B466173744F535D20-     msg_jump_kernel: db "[FastOS] Jumping to Rust kernel @ 0x100000...", 0
   438 00000C13 4A756D70696E672074-
   438 00000C1C 6F2052757374206B65-
   438 00000C25 726E656C2040203078-
   438 00000C2E 3130303030302E2E2E-
   438 00000C37 00                 
   439                                  
   440                                  ; Pad stage2 to 16KB (32 sectors)
   441 00000C38 00<rep 33C8h>           times (16384) - ($ - $$) db 0
